@Test public void should_pass_if_class_has_no_declared_fields_and_none_are_expected(){
  classes.assertHasDeclaredFields(someInfo(),NoField.class);
}
