@Test public void should_return_diffs_if_content_of_actual_is_shorter_than_content_of_expected() throws IOException {
  actual=stream("base","line_0");
  expected=joinLines("base","line_0","line_1");
  List<Delta<String>> diffs=diff.diff(actual,expected);
  assertThat(diffs).hasSize(1);
  assertThat(diffs.get(0)).hasToString(format("Missing content at line 3:%n" + "  [\"line_1\"]%n"));
}
