@Test public void should_fail_if_fields_are_not_found_and_not_expected(){
  String[] expected=new String[]{"publicField","protectedField","privateField"};
  assertThatExceptionOfType(AssertionError.class).isThrownBy(() -> classes.assertHasOnlyPublicFields(someInfo(),actual,expected)).withMessage(format(shouldOnlyHaveFields(actual,newLinkedHashSet(expected),newLinkedHashSet("protectedField","privateField"),newLinkedHashSet("publicField2")).create()));
}
