@Test public void should_fail_if_not_all_fields_are_expected(){
  assertThatExceptionOfType(AssertionError.class).isThrownBy(() -> classes.assertHasOnlyDeclaredFields(someInfo(),actual,"publicField","protectedField","privateField")).withMessage(format(shouldOnlyHaveDeclaredFields(actual,newLinkedHashSet("publicField","protectedField","privateField"),EMPTY_STRING_SET,newLinkedHashSet("publicField2")).create()));
}
