@Test public void should_not_be_equal_to_IsNotEqual_with_different_expected(){
  assertThat(factory.equals(shouldBeEqual("Yoda","Leia",new StandardRepresentation()))).isFalse();
}
