@Test public void should_return_diffs_if_content_of_actual_is_shorter_than_content_of_expected() throws IOException {
  writer.write(actual,"line_0");
  String expected=String.format("line_0%nline_1");
  List<Delta<String>> diffs=diff.diff(actual,expected,Charset.defaultCharset());
  assertThat(diffs).hasSize(1);
  assertThat(diffs.get(0)).hasToString(format("Missing content at line 2:%n" + "  [\"line_1\"]%n"));
}
