@Test public void should_return_diffs_if_content_of_actual_is_longer_than_content_of_expected() throws IOException {
  writer.write(actual,"line_0","line_1");
  String expected="line_0";
  List<Delta<String>> diffs=diff.diff(actual,expected,Charset.defaultCharset());
  assertThat(diffs).hasSize(1);
  assertThat(diffs.get(0)).hasToString(format("Extra content at line 2:%n" + "  [\"line_1\"]%n"));
}
