@Test public void should_pass_if_class_has_no_public_fields_and_none_are_expected(){
  classes.assertHasPublicFields(someInfo(),NoField.class);
}
